#-----------------------------------------------------------
# Vivado v2024.2 (64-bit)
# SW Build 5239630 on Fri Nov 08 22:35:27 MST 2024
# IP Build 5239520 on Sun Nov 10 16:12:51 MST 2024
# SharedData Build 5239561 on Fri Nov 08 14:39:27 MST 2024
# Start of session at: Thu Jun 12 19:34:21 2025
# Process ID         : 6392
# Current directory  : C:/Project_Ky2/Uart-Loader
# Command line       : vivado.exe -gui_launcher_event rodinguilauncherevent3880 C:\Project_Ky2\Uart-Loader\Uart-Loader.xpr
# Log file           : C:/Project_Ky2/Uart-Loader/vivado.log
# Journal file       : C:/Project_Ky2/Uart-Loader\vivado.jou
# Running On         : DESKTOP-L7H0P7L
# Platform           : Windows Server 2016 or Windows 10
# Operating System   : 22631
# Processor Detail   : Intel(R) Core(TM) i7-8565U CPU @ 1.80GHz
# CPU Frequency      : 1992 MHz
# CPU Physical cores : 4
# CPU Logical cores  : 8
# Host memory        : 17023 MB
# Swap memory        : 2550 MB
# Total Virtual      : 19574 MB
# Available Virtual  : 9244 MB
#-----------------------------------------------------------
start_gui
open_project C:/Project_Ky2/Uart-Loader/Uart-Loader.xpr
update_compile_order -fileset sources_1
reset_run synth_1
launch_runs impl_1 -to_step write_bitstream -jobs 8
wait_on_run impl_1
open_run impl_1
open_hw_manager
connect_hw_server -allow_non_jtag
open_hw_target
set_property PROGRAM.FILE {C:/Project_Ky2/Uart-Loader/Uart-Loader.runs/impl_1/uart_top.bit} [get_hw_devices xc7a35t_0]
current_hw_device [get_hw_devices xc7a35t_0]
refresh_hw_device -update_hw_probes false [lindex [get_hw_devices xc7a35t_0] 0]
set_property PROBES.FILE {} [get_hw_devices xc7a35t_0]
set_property FULL_PROBES.FILE {} [get_hw_devices xc7a35t_0]
set_property PROGRAM.FILE {C:/Project_Ky2/Uart-Loader/Uart-Loader.runs/impl_1/uart_top.bit} [get_hw_devices xc7a35t_0]
program_hw_devices [get_hw_devices xc7a35t_0]
refresh_hw_device [lindex [get_hw_devices xc7a35t_0] 0]
open_run synth_1 -name synth_1
launch_simulation
source tb.tcl
run all
current_design impl_1
report_timing_summary -delay_type min_max -report_unconstrained -check_timing_verbose -max_paths 10 -input_pins -routable_nets -name timing_1
close_sim
